item: P1+P2+P3 — Swift Punycode encoder + fuzz + bench
date: 2026-04-26T00:00:00Z
author: jelmer@gcb.io

## Files created

- scheme/swift/common/punycode.go          (P1 — encoder + decoder, 183 LOC)
- scheme/swift/common/punycode_test.go     (P2 — table tests + 2 fuzz targets, 164 LOC)
- scheme/swift/common/punycode_bench_test.go (P3 — 2 benchmarks on 1000-entry corpus, 61 LOC)

## Test results

go test ./scheme/swift/common/...
  PASS
  ok  github.com/jelmerdehen/demangle/scheme/swift/common  0.003s

Tests run:
  TestPunycodeKnownPairs      PASS (7 subtests incl. empty, ASCII, é, CJK, emoji, café)
  TestPunycodeRoundTrip       PASS (11 subtests)
  TestPunycodeDecodeErrors    PASS (2 subtests for invalid chars K, Z)
  FuzzPunycodeRoundTrip       PASS (seed corpus: 8 seeds)
  FuzzPunycodeDecodeEncode    PASS (seed corpus: 5 seeds)
  All existing common tests   PASS (substitution table, node helpers, printer)

## Fuzz result

go test -fuzz=FuzzPunycodeRoundTrip -fuzztime=15s ./scheme/swift/common/
  Execs: 206,596  (53,923/sec peak)
  New interesting corpus entries: 58
  Panics: 0
  Failures: 0
  PASS

## Benchmark results (amd64, i9-11900K @ 3.5 GHz)

BenchmarkPunycodeEncode-16     15,764,258 iters     92.34 ns/op    45 B/op    1 allocs/op
BenchmarkPunycodeDecode-16     15,524,508 iters     80.14 ns/op    60 B/op    1 allocs/op

## Key algorithm choices (C++ line references)

Punycode.cpp lines 25-33   — RFC 3492 §5 parameters (base=36, tmin=1, tmax=26,
                             skew=38, damp=700, initial_bias=72, initial_n=128,
                             delimiter='_'). Reproduced verbatim as Go consts.

Punycode.cpp lines 35-48   — Custom alphabet:
                             digitValue: digit<26 → 'a'+digit; else 'A'-26+digit
                             digitIndex: 'a'-'z' → 0-25; 'A'-'J' → 26-35; else -1
                             (NOT standard base-36 '0'-'9' for high digits)

Punycode.cpp lines 50-53   — isValidUnicodeScalar: accepts 0xD800-0xD87F for
                             non-symbol ASCII remapping (mapNonSymbolChars path).

Punycode.cpp lines 58-71   — Bias adaptation function (RFC 3492 §6.1).
                             Firsttime divides by damp=700, otherwise by 2.

Punycode.cpp lines 75-144  — Decode: find last delimiter, copy ASCII prefix,
                             then bias-adaptive variable-length integer decoding,
                             insert each decoded scalar at position i in output.
                             Overflow guards mirror the C++ int32 max checks.

Punycode.cpp lines 148-212 — Encode: copy ASCII to output, append delimiter if b>0,
                             then for each non-basic scalar in increasing order emit
                             a bias-adaptive variable-length integer delta.

Punycode.cpp lines 276-283 — decodePunycodeUTF8 = decodePunycode + encodeToUTF8.
                             In Go we combine both steps in PunycodeDecode.

Punycode.cpp lines 214-274 — encodeToUTF8: 0xD800-0xD87F mapped back to ASCII
                             (S -= 0xD800). Reproduced in codePointsToUTF8.

Note: PunycodeEncode does NOT implement mapNonSymbolChars remapping (the
$e embedded-ABI path). Non-symbol ASCII is passed through unchanged. This
matches the default (mapNonSymbolChars=false) path in encodePunycodeUTF8.
