## R2 + R6 implementation log
Date: 2026-04-26
Items: R2 (Punycode-aware identifier emitter) + R6 (stdlib type short forms)

## Files modified

- scheme/swift/stable/remangler.go
    - Updated package doc comment (added Punycode.cpp ref)
    - Added `stdlibKey` type and `reverseStdlib` map (package-level vars)
    - Added `init()` that populates reverseStdlib via EachStdlibSubstitution +
      EachStdlibSubstitution2
    - Replaced stub `mangleIdentifier` with three-path implementation:
        empty → "0", non-ASCII → "00<len><punycode>", ASCII → "<len><text>"
    - Extended `mangleNominal` with stdlib fast-path via `stdlibToken()`
    - Added `stdlibToken()` helper (reverse-map lookup)

- scheme/swift/common/substitution.go
    - Added exported `StdlibEntry{Module, Name string}` struct
    - Added `EachStdlibSubstitution(fn)` iterator over StdlibSubstitutions
    - Added `EachStdlibSubstitution2(fn)` iterator over StdlibSubstitutions2
    (These let remanglers build reverse maps without re-exporting the
    unexported `stdlib` type.)

- scheme/swift/stable/remangler_test.go
    - Added TestRemangleNonASCII: tree with Identifier("café") →
      expected "$s1M007caf_dmaV"; also verifies demangler can parse output
    - Added TestRemangleEmptyIdentifier: Identifier("") → "$s0"
    - Added TestRemangleNonASCIIPunyError: invalid-UTF-8 identifier →
      ErrUnsupported (PunycodeEncode fails with errPunycodeInvalidUTF8)
    - Added TestRemangleStdlibShortForms: spot-checks Si, Sa, ScC, Sb, SS
    - Added TestRemangleStdlibRoundTrip: $sSi, $sSa, $sScC, $sSS demangle
      then remangle back to original

## Test results

go test ./scheme/swift/stable/... → PASS (0.022s, all 16 test functions)
go test ./...                     → PASS (all 13 packages)
go vet ./scheme/swift/...         → clean

## Remangler.cpp line references used

- mangleIdentifierImpl (line 437–446): length-prefix + punycode dispatch
- ManglingUtils.h mangleIdentifier (line 127–244): "00" prefix for
  non-ASCII identifiers, zero-length special "0" form
- Punycode.cpp encodePunycodeUTF8 (called by mangleIdentifierImpl):
  UTF-8 → Apple-variant punycode, output wrapped in 00<len><encoded>
- Remangler::mangleAnyNominalType (line 547–593): stdlib-substitution
  check before emitting full module+identifier+trailer form

## Known gaps still remaining

- R3: Word-substitution emission (0<letter>…) — identifiers that share
  suffixes are not compressed; each gets full length-prefix form.
- R4: Node-level back-substitutions (A0_, A1_, …) — not emitted.
- R5: Bound-generic nominal remangle (Sa y Si G etc.) — BoundGenericStructure
  not yet in remangleNode dispatch.
- All remaining node kinds (Function, FunctionType, Tuple, Metatype, …)
  return ErrUnsupported.
- Round-trip for symbols containing unicode identifiers is one-directional:
  tree("café") → "$s1M007caf_dmaV" → demangled-tree("caf_dma") ≠ original.
  Full round-trip requires the demangler to decode punycode in the $s path
  (currently documented as intentionally omitted per stable.go comment).
