# swiftclose iter 1 — 2026-04-28

## Summary
RT restored from 0% → 71.80% (+71.80pp). Parity 70.33% → 71.31% (+0.98pp).
6 commits: bdb793d..8d018aa.

## Items completed

### bdb793d — round-trip restoration baseline
Bulk RT fixes applied (from swiftparity session that broke RT):
restored stable round-trip path. Parity 70.33%→71.27%, RT 0%→69.53%.

### ea1cd63 — init throws marker K (non-Foundation)
tryInitDeinitEntity: throwsInit var now stored as swift.throws="true" attr
on initNode (non-Foundation path). mangleInitDeinit: emits K before suffix.
RT +54 passes (69.53%→69.88%).

### 6304bfa — Foundation init throws marker K
Same fix for Foundation initNode path. RT +127 passes (69.88%→70.30%).

### d671f11 — compact label loss + A2B tuple continuation
S<N><letter> compact path: pathLabels applied before goto afterSigSlots.
A<N><UPPER> compact path: added _...t tuple continuation parsing.
Parity +27 (71.27%→71.31%), RT +69 (70.30%→70.99% equiv, ~69.88%→70.30%).

### 375b7a3 — rawPrefix ident subs
pushRawPrefixIdents helper populates identSubs after emitting rawPrefix
literal so module back-refs use letters not full module names.
RT +106 passes (71.12%→71.80%).

### 8d018aa — rawPrefix label list
TypeList child labels emitted in rawPrefix handler. No delta: failing
cases use anonymous params (no swift.label attr on children).

## Remaining RT root causes (4,394 failures)
1. A2B compact-subs mismatch (~97): nodeSubs vs identSubs ordering
2. x_G vs _xG signature ordering (~81)
3. Substitution letter offset (~74): eF0VF → bC0VF systematic delta
4. rawPrefix anonymous param label list (~21): _9isEnabled
5. Multi-substitution d-prefix (~13): dBcfC → BcfC missing leading d

## Gates
- Apple 153/153 ✓ (verified each commit)
- swiftc 222/222 RT ✓ (verified)
- Parity: 71.31% (target ≥99%)
- Round-trip: 71.80% (target ≥95%)
