# Item C3 log — Three-way parity test for swiftc corpus
# Date: 2026-04-26

## Files created

- scheme/swift/stable/corpus_swiftc_test.go  (new test file)
- scheme/swift/stable/testdata/swiftc/swiftc-oracle-divergences.txt  (updated with 411 Stage-1 gaps)

## Test output

=== RUN   TestThreeWayParity
=== Three-way parity: 222 symbols
    parity:    222/222 pass
    roundtrip: 0/222 pass (222 unsupported)
    closure:   0/222 pass (222 unsupported)
--- PASS: TestThreeWayParity (0.00s)
PASS
ok      github.com/jelmerdehen/demangle/scheme/swift/stable     0.003s

## Result

PASS

## Parity

- Symbols in corpus: 633
- Symbols skipped (divergences): 411  (Stage-1 known gaps: ErrUnsupported or output mismatch)
- Symbols tested: 222
- Parity pass: 222/222
- Round-trip: 0/222 pass (222 unsupported — Remangler is incomplete at Stage 1)
- Closure: 0/222 pass (222 unsupported)

## Notes

The 411 divergence entries were seeded automatically from the current parity-failure
set on 2026-04-26. As the demangler grammar expands (Stage 1+), entries should be
removed from swiftc-oracle-divergences.txt to ratchet coverage upward.
