# Item: s<n><name>V host-type push: Module+Type (2 entries)
# Track: P (Printer parity)
# Started: 2026-04-28T18:00Z
# Committed: (pending)

## Root Cause

In `tryTypeFirstExtensionEntity` for the `s<n><name><kind>` case (Swift stdlib
types like `s8DurationV` = Swift.Duration), the code previously pushed 3 subs:
  - Module("Swift")
  - Identifier("Duration")
  - Type(Structure(Module("Swift"), Identifier("Duration")))

This caused a +1 index shift relative to Apple's table. After the extension
module push (e.g., Module("Foundation") → subs[3]), `AC` = subs[2] = Type(Swift.Duration).
The postfix nominal-step then fired for `AC6LocaleV`: Type(Swift.Duration) →
KindStructure parent → appended "Locale" → "Swift.Duration.Locale". Wrong;
should be "Foundation.Locale".

An earlier attempt used 2 pushes (Module + Identifier). That made `AC` = subs[2] =
Module("Foundation") ✓, which the existing KindModule branch in parseType's 'A'
case feeds to `parseNominalWithModule` for "AC6LocaleV → Foundation.Locale" ✓.
BUT: with only Identifier("Duration") at subs[1], `AB`-style back-refs failed.
`findTypeForIdent("Duration")` requires a Type node in subs to promote the
Identifier; with no Type in subs, it returned the raw Identifier, printing
"Duration" instead of "Swift.Duration" in param/return positions.

## Fix

Push 2 entries for the `s<n><name><kind>` host type, using **Module + Type**
(not Module + Identifier):
  - subs[N]   = Module("Swift")
  - subs[N+1] = Type(Structure(Module("Swift"), Identifier(name)))

This preserves the 2-entry count (keeping `AC` = Module("Foundation") after
the extension module push), while making `AB` = Type(Swift.Duration) directly
— no `findTypeForIdent` needed, returned as-is via the final-else branch in
parseType's 'A' case.

The existing KindModule branch in parseType's 'A' case (lines 10326-10349)
already handles Module + digit → parseNominalWithModule correctly, so no
additional module-continuation code was needed.

## Symbols Fixed

- Property descriptors: Duration.TimeFormatStyle.locale, .grouped,
  .sign, .decimalSeparator, etc. (locale: Foundation.Locale ✓)
- Function signatures: discreteInput(after/before:) with AB?/AB params
  now show "Swift.Duration" not bare "Duration"
- Foundation.Attributed methods: hash(into:), hashValue,
  format(_:) with AC/AB return types
- ~54 net-new symbols passing across Foundation and Combine corpora

## Delta

Parity 82.05%→82.13% (+54 symbols, 52312→52366).
Foundation: 12095→12164 (+69). Combine: 1606→1609 (+3).
Round-trip: 64.00% (unchanged, 11468/17919).
Parse errors: 10340→10302 (-38). Mismatches: 1106→1089 (-17).

## Remaining in Category

4 symbols with `yAeC`/`yAgC` return-type pattern
(e.g. `locale(Foundation.Locale) -> (extension in Foundation):...TimeFormatStyle`)
where the multi-sub returns subs[2]=Module("Foundation") instead of the extension
type. Pre-existing failures; separate issue.
