# Item: A<letter> + A<digit(s)><letter> sub-ref skip in constraint-bytes scanner
# Track: P (Printer parity)
# Started: 2026-04-28T22:20Z
# Committed: (pending)

## Root Cause

In `tryExtensionEntity`, the first-pass constraint-bytes scanner
(lines 6873–6929) scans for `<length><identifier>` pairs to populate
the substitution table and word table. It skips `So<N><name><kind>`
patterns (ObjC types) but did NOT skip `A<digit(s)><letter>`
multi-index substitution references.

A multi-index sub-ref like `A2A` (encoding sub index 52) caused the
scanner to treat the digit `2` as a standalone length-prefix:
  - Parse length `2` → read next 2 bytes "A1" as identifier → push Ident("A1")
  - Then parse length `4` (from the following "4" in "14") → read "Tool" → push Ident("Tool")
  - Words added: (none from "A1"), "Tool" (from "WidgetTool" truncation)

Correct behaviour: the digit is part of the sub-ref, NOT a length
prefix. After skipping `A2A`, the scanner should see `14ToolbarContent`
and push the full 14-char identifier.

## Root cause examples

| Constraint bytes | Before fix: words[3] | After fix: words[3] |
|---|---|---|
| `A2A14ToolbarContentRzl` | "Tool" | "Toolbar" |
| `A2A19WidgetConfigurationRz...` | "Con" (from "WidgetCon") | "Configuration" |
| `A2A5SceneRzl` | (none at idx 3) | "Scene" |
| `A2A26ControlWidgetConfiguration...` | "Contro" | "Control" |

The corrupted word table then caused word-sub decoding in the decl name
(`05_makeD0`, `05_makefeG0`, etc.) to produce truncated or wrong names:
  - `_makeTool` instead of `_makeToolbar`
  - `_makeWidgetCon` instead of `_makeWidgetConfiguration`
  - `_makemake` instead of `_makeScene` (idx OOB → break early)

## Fix

Two changes in stable.go:

**1. E-scanner (line ~6753):** Extended the `A<letter>` skip to also
handle `A<digit(s)><letter>` (prevents false 'E' match if the terminal
letter is 'E'):

```go
if next >= '0' && next <= '9' {
    k++ // skip 'A'
    for k < len(p.s)-1 && p.s[k] >= '0' && p.s[k] <= '9' { k++ }
    if k < len(p.s)-1 && (letter A-Z or a-z) { k++ }
    continue
}
```

**2. Constraint first-pass scanner (line ~6897):** Added skip before
the digit-as-length-prefix handler:

```go
if constraintBytes[ci] == 'A' && next >= '0' && next <= '9' {
    ci++ // skip 'A'
    for ci < len && digit { ci++ }
    if ci < len && letter { ci++ }
    continue
}
```

## Symbols Fixed

65 mismatches in the "static (extension..." category (SwiftUI):
- `Group<A>._makeToolbar`, `_makeScene`, `_makeCommands` etc.
- `ForEach<>._makeToolbar`
- `ModifiedContent<>._makeWidgetConfiguration`, `_makeWidgetControlConfiguration`
- `Section<>._tableRowCount`
- `_ConditionalContent<>._makeCommands`
- `StaticIf<>._makeToolbar`
- `Group<A>._makeContent`, `_makeTableRowCount`
- `AnimatedValueKeyframe.InterpolationParameters.kochanekBartels` (labels, separate sub-issue)

Plus ~60 additional symbols in other categories that also used
`A<digit>` sub-refs in constraint bytes.

## Additional Fix: A<letter> skip

An initial version only added the `A<digit(s)><letter>` skip. This
introduced a regression: for constraint bytes like `AA14ToolbarContent`,
the SECOND 'A' of the two-byte sub-ref `AA` sits at ci, followed by
digit '1' (from "14"). The `A<digit>` check fires incorrectly, treating
`A14T` as a multi-index sub-ref and consuming 'T' as the terminal letter
— so "oolbarContent" (11 chars) is then length-misidentified.

Fix: ALSO skip `A<letter>` (2-byte sub-refs) in the first pass. For
`AA14ToolbarContent`: ci at first 'A' sees next='A'(letter) → skip
2 bytes → now at '1','4' → length=14 → "ToolbarContent" pushed ✓.

This fixed `StaticIf<>._makeToolbar` (multi-constraint: both
`ViewInputPredicate` and `ToolbarContent` constraints present).

## Delta

Parity 82.19%→82.42% (+143 symbols, 52404→52547).
SwiftUI: most of the gain (word-sub decoding fixes for _makeX methods).
Round-trip: 64.00%→~63.6% (absolute 11468 unchanged; more symbols
now demangle but aren't remangable — acceptable).
