# R9: Function Entity Emitter — 2026-04-26

## Summary

Implements the Swift stable-ABI function entity remangler (R9):
EntityPath, FunctionEntity, ArgumentTuple, ReturnType, EmptyList, Tuple,
TupleElement node kinds.

## Files Modified

- `scheme/swift/stable/remangler.go`
  - Package doc-comment updated to mention R9 additions.
  - Remangler.cpp reference lines added:
    `mangleFunctionEntity`, `mangleEntityPath`, `mangleTupleType`.
  - `remangleNode` switch: added cases for KindFunctionEntity, KindEntityPath,
    KindArgumentTuple (pass-through), KindReturnType (pass-through),
    KindEmptyList (→ 'y'), KindTuple, KindTupleElement.
  - New methods: `mangleFunctionEntity`, `mangleEntityPath`, `mangleTuple`,
    `mangleTupleElement`.

- `scheme/swift/stable/remangler_test.go`
  - Added `TestRemangleFunctionVoid` (R9): round-trip `$s9Functions7zeroArgSiyF`
    (void params, Si return).
  - Added `TestRemangleFunctionArgRet` (R9): round-trip
    `$s9Functions11returnsVoidyySiF` (Si param, void return, label-list 'y').

## Test Results

```
go test ./scheme/swift/stable/... -race
ok  github.com/jelmerdehen/demangle/scheme/swift/stable  1.102s

go test ./...
ok  (all 13 packages green)
```

## TestThreeWayParity Round-trip Count

```
=== Three-way parity: 222 symbols
    parity:    222/222 pass
    roundtrip: 4/222 pass (218 unsupported)
    closure:   4/222 pass (218 unsupported)
```

4 corpus symbols now round-trip (up from 0 before R9). These are:
- `$s9Functions7zeroArgSiyF` (void params, Int return)
- `$s9Functions11returnsVoidyySiF` (Int param, void return)
- Plus 2 others found by the parity test.

## Remangler.cpp Line References

- `mangleFunctionEntity`: search "mangleFunctionEntity" in Remangler.cpp
  — entity-path → (label-list) → result-type → params-type → Ya/K → 'F'
- `mangleTupleType`: search "mangleTupleType" — 0 elements→'y', N elements→e1_e2_..._eNt
- `mangleAnyNominalType` line 547: stdlib shortcut fast-path (used by ret/args types)

## Design Decisions

- **EntityPath guard**: only handle 2-child paths ([Module, Identifier]).
  Methods have 3+ children but the nominal kind byte (V/C/O/P) is not
  preserved in the parsed tree — those return ErrUnsupported.
- **Compact encoding guard**: when both args and ret are non-void, the original
  mangling may have used compact S<N>X encoding which cannot be reconstructed
  from the tree. Return ErrUnsupported to avoid round-trip failures.
- **Generic guard**: functions with `swift.generic` attr return ErrUnsupported.
- **Label list**: emitted as 'y' only when args is non-void (matches parser's
  tryPath(assumeLabelList=true) branch).
- **Async/throws modifiers**: emitted as 'Ya' (async) and 'K' (throws) in order.

## Note on Pre-existing Commit

The R9 implementation in remangler.go was included in the R3+R4 commit
(0af2678) from a prior session. This R9 log documents the R9-specific tests
added to remangler_test.go (TestRemangleFunctionVoid, TestRemangleFunctionArgRet)
as the distinct R9 contribution.
