## R11 + R15 implementation log
Date: 2026-04-26T000953Z

## Files modified

### scheme/swift/common/node.go
- Appended 7 new NodeKind constants (append-only, wire-stable):
  KindGetter, KindSetter, KindStoredProperty, KindAllocatingInit,
  KindInitializer, KindDeallocatingDeinit, KindDeinit
- Updated Name() switch with string labels for all 7 new kinds
- Updated Category() switch:
  - Getter/Setter/StoredProperty → KindCatOther
  - AllocatingInit/Initializer/DeallocatingDeinit/Deinit → KindCatFunction
- Updated init() loop bound from KindEmptyList to KindDeinit

### scheme/swift/stable/remangler.go
Context: The linter committed this file as part of the prior R3+R4 commit
(0af2678). My session added the following (already in HEAD):

R11: mangleDependentGenericParamType()
- Calls decodeGenericParamText() to recover (depth, index) from Text
- Text format: 'A'+index for depth=0; 'A'+index + itoa(depth) for depth>0
- Encoding rules (Remangler.cpp::mangleDependentGenericParamType ~line 2560):
  - depth=0, index=0  → "x"
  - depth=0, index=1  → "q_"
  - depth=0, index≥2  → "q<index-2>_"
  - depth=1, index=0  → "qd_"   (no digit, not "qd0_" — important fix)
  - depth=1, index≥1  → "qd<index-1>_"
  - depth>1           → ErrUnsupported (parser only handles depth≤1)
- decodeGenericParamText() helper: parses "A"→(0,0), "B"→(0,1), "A1"→(1,0)

R15: mangleVariableAccessor(n, suffix)
- Emits all path children (module, intermediate identifiers with optional
  Attrs["swift.nominalKind"]) then the type node, then suffix (vg/vs/vp)
- Node structure: [Module, Identifier*..., Identifier(declName), Type]
- Intermediate Identifier nodes carry Attrs["swift.nominalKind"] = "V"/"C"/"O"/"P"

R15: mangleInitDeinit(n, suffix)
- Emits path children, then result type, then params type, then suffix
  (cfC for KindAllocatingInit, cfc for KindInitializer,
   cfD for KindDeallocatingDeinit, cfd for KindDeinit)
- KindEmptyList children emit as 'y' (void tuple)

R15: mangleInitType() helper: emits 'y' for KindEmptyList, else recurses.

remangleNode() switch updated with cases for all 11 new node kinds.

### scheme/swift/stable/remangler_test.go
New tests added (committed in 4861cee):

R11 tests:
- TestRemangleGenericParamX: depth=0, idx=0 ("A") → "$sx"
- TestRemangleGenericParamQ: depth=0, idx=1 ("B") → "$sq_"
- TestRemangleGenericParamTable: 7 cases (A, B, C, D, A1, B1, C1)

R15 tests:
- TestRemangleGetter: builds KindGetter manually → "$s10BasicTypes9DirectionO9hashValueSivg"
- TestRemangleSetter: same path with "vs" suffix
- TestRemangleStoredProperty: KindStoredProperty → "$s10Subscripts14CircularBufferC8capacitySivp"
- TestRemangleAllocatingInit: KindAllocatingInit with void-void → "$s4main3FooCyycfC"
- TestRemangleInitializer: KindInitializer → "$s4main3FooCyycfc"
- TestRemangleDeinit: KindDeinit → "$s4main3FooCyycfd"

## Test results
go test ./scheme/swift/stable/... — all 35 tests pass (including fuzz seeds)
go test ./... — all 27 packages pass

TestThreeWayParity: 222/222 parity, 4/222 roundtrip (unchanged; corpus
symbols demangle to KindTypeMangling display nodes, not the new structured
node kinds — round-trip improvement requires parser changes in a future stage)

## Remangler.cpp line refs used
- mangleDependentGenericParamType: ~line 2560
- mangleVariable/mangleGetter/mangleSetter: ~line 2600
- mangleConstructor/mangleDestructor: ~line 2620

## Key finding: depth-1 encoding
The correct encoding for depth=1, index=0 is "qd_" (NOT "qd0_").
Apple's parser sets depth=1 by seeing 'd', then reads index via demangleIndex
convention (bare '_' = 0). The fmt.Fprintf("qd%d_", depth-1) formula emits
"qd0_" for depth=1 which is wrong. Fix uses explicit case depth==1.

## Round-trip count
Before: 4/222 (unchanged — new kinds are forward-only, not produced by parser)
After:  4/222

The 4 existing round-trips are type-only symbols ($sSi, $sSa, $sScC, $sSS).
Variable/init symbols still parse to display-only KindTypeMangling nodes;
upgrading the parser to produce structured KindGetter/KindAllocatingInit nodes
is deferred to a future stage.

## Commits
- 0af2678: R3+R4 (includes R11/R15 impl, committed by linter with prior work)
- 4861cee: R11+R15 tests (remangler_test.go additions)
